
 *******************************************************************************

         NASA-GLENN CHEMICAL EQUILIBRIUM PROGRAM CEA2, MAY 21, 2004
                   BY  BONNIE MCBRIDE AND SANFORD GORDON
      REFS: NASA RP-1311, PART I, 1994 AND NASA RP-1311, PART II, 1996

 *******************************************************************************



 problem case=current_run_bates_CEA_conv rocket equilibrium p,bar=60.18408605
  sub,ae/at=57.87513572,46.88902032,37.05815099,28.38252774,20.86215057,14.497019
 46,9.28713443,5.23249548,2.33310259
 reac
  oxid=NH4CLO4(I) wt%=85.71428571 t(k)=298.1500
  fuel=HTPB h,kj/mol=-58.0 C 7.075 H 10.65 O 0.223 N 0.063 wt%=14.28571429 t(k)=2
 98.1500
 output siunits short
 end





              THEORETICAL ROCKET PERFORMANCE ASSUMING EQUILIBRIUM

           COMPOSITION DURING EXPANSION FROM INFINITE AREA COMBUSTOR

 Pin =   872.9 PSIA
 CASE = current_run_bat

             REACTANT                    WT FRACTION      ENERGY      TEMP
                                          (SEE NOTE)     KJ/KG-MOL      K  
 OXIDANT     NH4CLO4(I)                   1.0000000   -295767.000    298.150
 FUEL        HTPB                         1.0000000    -58000.000    298.150

 O/F=    6.00000  %FUEL= 14.285714  R,EQ.RATIO= 1.278147  PHI,EQ.RATIO= 1.505516

                 CHAMBER   THROAT     EXIT     EXIT     EXIT     EXIT     EXIT     EXIT
 Pinf/P            1.0000   1.7661   1.0000   1.0000   1.0001   1.0003   1.0005   1.0010
 P, BAR            60.184   34.078   60.182   60.181   60.175   60.169   60.155   60.124
 T, K             2887.08  2655.03  2887.07  2887.06  2887.02  2886.97  2886.88  2886.68
 RHO, KG/CU M    6.2723 0 3.8786 0 6.2721 0 6.2720 0 6.2715 0 6.2709 0 6.2697 0 6.2670 0
 H, KJ/KG        -2240.50 -2763.10 -2240.53 -2240.54 -2240.64 -2240.74 -2240.96 -2241.45
 U, KJ/KG        -3200.02 -3641.74 -3200.05 -3200.06 -3200.14 -3200.23 -3200.41 -3200.83
 G, KJ/KG        -31491.4 -29662.9 -31491.3 -31491.2 -31490.9 -31490.6 -31489.9 -31488.2
 S, KJ/(KG)(K)    10.1317  10.1317  10.1317  10.1317  10.1317  10.1317  10.1317  10.1317

 M, (1/n)          25.017   25.124   25.017   25.017   25.017   25.017   25.017   25.018
 (dLV/dLP)t      -1.00459 -1.00237 -1.00459 -1.00459 -1.00459 -1.00459 -1.00459 -1.00458
 (dLV/dLT)p        1.0976   1.0538   1.0976   1.0976   1.0976   1.0976   1.0976   1.0975
 Cp, KJ/(KG)(K)    2.5818   2.2722   2.5818   2.5817   2.5817   2.5816   2.5815   2.5812
 GAMMAs            1.1772   1.1896   1.1772   1.1772   1.1772   1.1772   1.1772   1.1772
 SON VEL,M/SEC     1062.8   1022.4   1062.8   1062.8   1062.8   1062.8   1062.7   1062.7
 MACH NUMBER        0.000    1.000    0.007    0.009    0.016    0.021    0.029    0.041

 PERFORMANCE PARAMETERS

 Ae/At                      1.0000   57.875   46.889   37.058   28.383   20.862   14.497
 CSTAR, M/SEC               1517.8   1517.8   1517.8   1517.8   1517.8   1517.8   1517.8
 CF                         0.6736   0.0052   0.0063   0.0112   0.0147   0.0200   0.0288
 Ivac, M/SEC                1881.8 122243.2 100674.4  56663.3  43092.6  31681.9  22027.0
 Isp, M/SEC                 1022.4      7.8      9.5     16.9     22.3     30.3     43.6


 MOLE FRACTIONS

 *CO              0.15369  0.15025  0.15369  0.15369  0.15369  0.15369  0.15368  0.15368
 *CO2             0.09875  0.10328  0.09875  0.09875  0.09875  0.09875  0.09876  0.09876
 *CL              0.00596  0.00353  0.00596  0.00596  0.00596  0.00596  0.00596  0.00596
 CLO              0.00001  0.00000  0.00001  0.00001  0.00001  0.00001  0.00001  0.00001
 CL2              0.00004  0.00002  0.00004  0.00004  0.00004  0.00004  0.00004  0.00004
 *H               0.00408  0.00238  0.00408  0.00408  0.00408  0.00408  0.00408  0.00408
 HCL              0.17646  0.17972  0.17646  0.17646  0.17646  0.17646  0.17646  0.17647
 HOCL             0.00002  0.00001  0.00002  0.00002  0.00002  0.00002  0.00002  0.00001
 *H2              0.08242  0.08387  0.08242  0.08242  0.08242  0.08242  0.08242  0.08242
 H2O              0.37923  0.38103  0.37923  0.37923  0.37923  0.37923  0.37923  0.37923
 *NO              0.00055  0.00021  0.00055  0.00055  0.00055  0.00055  0.00055  0.00055
 *N2              0.09210  0.09267  0.09210  0.09210  0.09210  0.09210  0.09210  0.09210
 *O               0.00017  0.00005  0.00017  0.00017  0.00017  0.00017  0.00017  0.00017
 *OH              0.00619  0.00289  0.00619  0.00619  0.00619  0.00619  0.00619  0.00618
 *O2              0.00032  0.00009  0.00032  0.00032  0.00032  0.00032  0.00032  0.00032

  * THERMODYNAMIC PROPERTIES FITTED TO 20000.K

 NOTE. WEIGHT FRACTION OF FUEL IN TOTAL FUELS AND OF OXIDANT IN TOTAL OXIDANTS










              THEORETICAL ROCKET PERFORMANCE ASSUMING EQUILIBRIUM

           COMPOSITION DURING EXPANSION FROM INFINITE AREA COMBUSTOR

 Pin =   872.9 PSIA
 CASE = current_run_bat

             REACTANT                    WT FRACTION      ENERGY      TEMP
                                          (SEE NOTE)     KJ/KG-MOL      K  
 OXIDANT     NH4CLO4(I)                   1.0000000   -295767.000    298.150
 FUEL        HTPB                         1.0000000    -58000.000    298.150

 O/F=    6.00000  %FUEL= 14.285714  R,EQ.RATIO= 1.278147  PHI,EQ.RATIO= 1.505516

                 CHAMBER   THROAT     EXIT     EXIT     EXIT
 Pinf/P            1.0000   1.7661   1.0024   1.0077   1.0420
 P, BAR            60.184   34.078   60.038   59.722   57.757
 T, K             2887.08  2655.03  2886.09  2883.93  2870.29
 RHO, KG/CU M    6.2723 0 3.8786 0 6.2594 0 6.2313 0 6.0569 0
 H, KJ/KG        -2240.50 -2763.10 -2242.82 -2247.89 -2279.86
 U, KJ/KG        -3200.02 -3641.74 -3202.00 -3206.30 -3233.45
 G, KJ/KG        -31491.4 -29662.9 -31483.7 -31466.9 -31360.6
 S, KJ/(KG)(K)    10.1317  10.1317  10.1317  10.1317  10.1317

 M, (1/n)          25.017   25.124   25.018   25.019   25.027
 (dLV/dLP)t      -1.00459 -1.00237 -1.00458 -1.00455 -1.00439
 (dLV/dLT)p        1.0976   1.0538   1.0974   1.0969   1.0939
 Cp, KJ/(KG)(K)    2.5818   2.2722   2.5803   2.5771   2.5568
 GAMMAs            1.1772   1.1896   1.1772   1.1773   1.1780
 SON VEL,M/SEC     1062.8   1022.4   1062.6   1062.2   1059.9
 MACH NUMBER        0.000    1.000    0.064    0.114    0.265

 PERFORMANCE PARAMETERS

 Ae/At                      1.0000   9.2871   5.2325   2.3331
 CSTAR, M/SEC               1517.8   1517.8   1517.8   1517.8
 CF                         0.6736   0.0449   0.0801   0.1849
 Ivac, M/SEC                1881.8  14130.4   8002.4   3679.0
 Isp, M/SEC                 1022.4     68.2    121.6    280.6


 MOLE FRACTIONS

 *CO              0.15369  0.15025  0.15367  0.15364  0.15344
 *CO2             0.09875  0.10328  0.09877  0.09882  0.09910
 *CL              0.00596  0.00353  0.00595  0.00592  0.00577
 CLO              0.00001  0.00000  0.00001  0.00001  0.00001
 CL2              0.00004  0.00002  0.00003  0.00003  0.00003
 *H               0.00408  0.00238  0.00407  0.00406  0.00394
 HCL              0.17646  0.17972  0.17648  0.17651  0.17673
 HOCL             0.00002  0.00001  0.00001  0.00001  0.00001
 *H2              0.08242  0.08387  0.08242  0.08243  0.08248
 H2O              0.37923  0.38103  0.37924  0.37927  0.37946
 *NO              0.00055  0.00021  0.00055  0.00055  0.00052
 *N2              0.09210  0.09267  0.09210  0.09211  0.09215
 *O               0.00017  0.00005  0.00017  0.00017  0.00016
 *OH              0.00619  0.00289  0.00617  0.00613  0.00590
 *O2              0.00032  0.00009  0.00032  0.00031  0.00029

  * THERMODYNAMIC PROPERTIES FITTED TO 20000.K

 NOTE. WEIGHT FRACTION OF FUEL IN TOTAL FUELS AND OF OXIDANT IN TOTAL OXIDANTS



