
 *******************************************************************************

         NASA-GLENN CHEMICAL EQUILIBRIUM PROGRAM CEA2, MAY 21, 2004
                   BY  BONNIE MCBRIDE AND SANFORD GORDON
      REFS: NASA RP-1311, PART I, 1994 AND NASA RP-1311, PART II, 1996

 *******************************************************************************



 problem case=current_run_bates_CEA_iac rocket frozen nfz=2 p,bar=60.18408605
  sub,ae/at=57.87513572,46.88902032,37.05815099,28.38252774,20.86215057,14.497019
 46,9.28713443,5.23249548,2.33310259
  sup,ae/at=1.00036212,1.40317111,1.91397559,2.50391030,3.17297526,3.92117045,4.7
 4849588,5.65495155,6.64053746,7.70525361,8.84910000
 reac
  oxid=NH4CLO4(I) wt%=85.71428571 t(k)=298.1500
  fuel=HTPB h,kj/mol=-58.0 C 7.075 H 10.65 O 0.223 N 0.063 wt%=14.28571429 t(k)=2
 98.1500
 output siunits short
 end

 WARNING!!  FOR FROZEN PERFORMANCE, SUBSONIC AREA 
 RATIOS WERE OMITTED SINCE nfz IS GREATER THAN 1 (ROCKET)





           THEORETICAL ROCKET PERFORMANCE ASSUMING FROZEN COMPOSITION
                                 AFTER POINT 2

 Pin =   872.9 PSIA
 CASE = current_run_bat

             REACTANT                    WT FRACTION      ENERGY      TEMP
                                          (SEE NOTE)     KJ/KG-MOL      K  
 OXIDANT     NH4CLO4(I)                   1.0000000   -295767.000    298.150
 FUEL        HTPB                         1.0000000    -58000.000    298.150

 O/F=    6.00000  %FUEL= 14.285714  R,EQ.RATIO= 1.278147  PHI,EQ.RATIO= 1.505516

                 CHAMBER   THROAT     EXIT     EXIT     EXIT     EXIT     EXIT     EXIT
 Pinf/P            1.0000   1.7661   1.8364   4.6780   8.0003   12.218   17.457   23.814
 P, BAR            60.184   34.078   32.774   12.865   7.5227   4.9258   3.4476   2.5272
 T, K             2887.08  2655.03  2636.51  2224.52  2013.31  1858.40  1735.39  1633.65
 RHO, KG/CU M    6.2723 0 3.8786 0 3.7563 0 1.7476 0 1.1291 0 8.0094-1 6.0031-1 4.6746-1
 H, KJ/KG        -2240.50 -2763.10 -2797.28 -3547.90 -3923.92 -4195.07 -4407.19 -4580.27
 U, KJ/KG        -3200.02 -3641.74 -3669.79 -4284.07 -4590.19 -4810.08 -4981.49 -5120.90
 G, KJ/KG        -31491.4 -29662.9 -29509.5 -26086.0 -24322.1 -23023.8 -21989.6 -21131.8
 S, KJ/(KG)(K)    10.1317  10.1317  10.1317  10.1317  10.1317  10.1317  10.1317  10.1317

 M, (1/n)          25.017   25.124   25.124   25.124   25.124   25.124   25.124   25.124
 Cp, KJ/(KG)(K)    2.5818   2.2722   1.8453   1.7960   1.7638   1.7364   1.7120   1.6899
 GAMMAs            1.1772   1.1896   1.2185   1.2259   1.2310   1.2355   1.2396   1.2435
 SON VEL,M/SEC     1062.8   1022.4   1031.1    950.0    905.6    871.7    843.7    819.9
 MACH NUMBER        0.000    1.000    1.023    1.702    2.026    2.268    2.467    2.638

 PERFORMANCE PARAMETERS

 Ae/At                      1.0000   1.0004   1.4032   1.9140   2.5039   3.1730   3.9212
 CSTAR, M/SEC               1517.8   1517.8   1517.8   1517.8   1517.8   1517.8   1517.8
 CF                         0.6736   0.6953   1.0654   1.2089   1.3027   1.3715   1.4253
 Ivac, M/SEC                1881.8   1882.1   2072.3   2198.0   2288.2   2357.6   2413.1
 Isp, M/SEC                 1022.4   1055.3   1617.0   1834.9   1977.2   2081.7   2163.2

 MOLE FRACTIONS

 *CO             0.15025   *CO2            0.10328   *CL             0.00353
 CL2             0.00002   *H              0.00238   HCL             0.17972
 HOCL            0.00001   *H2             0.08387   H2O             0.38103
 *NO             0.00021   *N2             0.09267   *O              0.00005
 *OH             0.00289   *O2             0.00009

  * THERMODYNAMIC PROPERTIES FITTED TO 20000.K

 NOTE. WEIGHT FRACTION OF FUEL IN TOTAL FUELS AND OF OXIDANT IN TOTAL OXIDANTS





           THEORETICAL ROCKET PERFORMANCE ASSUMING FROZEN COMPOSITION
                                 AFTER POINT 2

 Pin =   872.9 PSIA
 CASE = current_run_bat

             REACTANT                    WT FRACTION      ENERGY      TEMP
                                          (SEE NOTE)     KJ/KG-MOL      K  
 OXIDANT     NH4CLO4(I)                   1.0000000   -295767.000    298.150
 FUEL        HTPB                         1.0000000    -58000.000    298.150

 O/F=    6.00000  %FUEL= 14.285714  R,EQ.RATIO= 1.278147  PHI,EQ.RATIO= 1.505516

                 CHAMBER   THROAT     EXIT     EXIT     EXIT     EXIT     EXIT
 Pinf/P            1.0000   1.7661   31.380   40.239   50.473   62.161   75.383
 P, BAR            60.184   34.078   1.9179   1.4957   1.1924  0.96819  0.79838
 T, K             2887.08  2655.03  1547.22  1472.40  1406.67  1348.25  1295.82
 RHO, KG/CU M    6.2723 0 3.8786 0 3.7457-1 3.0695-1 2.5615-1 2.1700-1 1.8618-1
 H, KJ/KG        -2240.50 -2763.10 -4725.45 -4849.67 -4957.61 -5052.55 -5136.91
 U, KJ/KG        -3200.02 -3641.74 -5237.48 -5336.94 -5423.12 -5498.73 -5565.74
 G, KJ/KG        -31491.4 -29662.9 -20401.4 -19767.5 -19209.5 -18712.5 -18265.7
 S, KJ/(KG)(K)    10.1317  10.1317  10.1317  10.1317  10.1317  10.1317  10.1317

 M, (1/n)          25.017   25.124   25.124   25.124   25.124   25.124   25.124
 Cp, KJ/(KG)(K)    2.5818   2.2722   1.6695   1.6507   1.6332   1.6169   1.6016
 GAMMAs            1.1772   1.1896   1.2472   1.2507   1.2541   1.2573   1.2604
 SON VEL,M/SEC     1062.8   1022.4    799.1    780.7    764.1    749.0    735.2
 MACH NUMBER        0.000    1.000    2.790    2.926    3.051    3.166    3.274

 PERFORMANCE PARAMETERS

 Ae/At                      1.0000   4.7485   5.6550   6.6405   7.7053   8.8491
 CSTAR, M/SEC               1517.8   1517.8   1517.8   1517.8   1517.8   1517.8
 CF                         0.6736   1.4688   1.5051   1.5359   1.5625   1.5858
 Ivac, M/SEC                1881.8   2459.0   2497.7   2530.8   2559.7   2585.0
 Isp, M/SEC                 1022.4   2229.3   2284.4   2331.1   2371.5   2406.8

 MOLE FRACTIONS

 *CO             0.15025   *CO2            0.10328   *CL             0.00353
 CL2             0.00002   *H              0.00238   HCL             0.17972
 HOCL            0.00001   *H2             0.08387   H2O             0.38103
 *NO             0.00021   *N2             0.09267   *O              0.00005
 *OH             0.00289   *O2             0.00009

  * THERMODYNAMIC PROPERTIES FITTED TO 20000.K

 NOTE. WEIGHT FRACTION OF FUEL IN TOTAL FUELS AND OF OXIDANT IN TOTAL OXIDANTS



