
 *******************************************************************************

         NASA-GLENN CHEMICAL EQUILIBRIUM PROGRAM CEA2, MAY 21, 2004
                   BY  BONNIE MCBRIDE AND SANFORD GORDON
      REFS: NASA RP-1311, PART I, 1994 AND NASA RP-1311, PART II, 1996

 *******************************************************************************



 problem case=current_run_bates_CEA_fac rocket fac equilibrium p,bar=60.18408605 
 acat=57.8751357158
  sub,ae/at=57.87513572,46.88902032,37.05815099,28.38252774,20.86215057,14.497019
 46,9.28713443,5.23249548,2.33310259
  sup,ae/at=1.00036212,1.40317111,1.91397559,2.50391030,3.17297526,3.92117045,4.7
 4849588,5.65495155,6.64053746,7.70525361,8.84910000
 reac
  oxid=NH4CLO4(I) wt%=85.71428571 t(k)=298.1500
  fuel=HTPB h,kj/mol=-58.0 C 7.075 H 10.65 O 0.223 N 0.063 wt%=14.28571429 t(k)=2
 98.1500
 output siunits short
 end





              THEORETICAL ROCKET PERFORMANCE ASSUMING EQUILIBRIUM

            COMPOSITION DURING EXPANSION FROM FINITE AREA COMBUSTOR

 Pin =   872.9 PSIA
 Ac/At = 57.8751      Pinj/Pinf =  1.000032
 CASE = current_run_bat

             REACTANT                    WT FRACTION      ENERGY      TEMP
                                          (SEE NOTE)     KJ/KG-MOL      K  
 OXIDANT     NH4CLO4(I)                   1.0000000   -295767.000    298.150
 FUEL        HTPB                         1.0000000    -58000.000    298.150

 O/F=    6.00000  %FUEL= 14.285714  R,EQ.RATIO= 1.278147  PHI,EQ.RATIO= 1.505516

                 INJECTOR  COMB END  THROAT     EXIT     EXIT     EXIT     EXIT     EXIT
 Pinj/P            1.0000   1.0001   1.7661   1.0001   1.0001   1.0002   1.0003   1.0005
 P, BAR            60.184   60.180   34.077   60.180   60.179   60.173   60.167   60.153
 T, K             2887.08  2887.07  2655.03  2887.07  2887.06  2887.02  2886.97  2886.88
 RHO, KG/CU M    6.2723 0 6.2719 0 3.8784 0 6.2719 0 6.2718 0 6.2713 0 6.2707 0 6.2695 0
 H, KJ/KG        -2240.50 -2240.53 -2763.10 -2240.53 -2240.54 -2240.64 -2240.74 -2240.96
 U, KJ/KG        -3200.02 -3200.05 -3641.74 -3200.05 -3200.06 -3200.14 -3200.23 -3200.41
 G, KJ/KG        -31491.4 -31491.3 -29662.9 -31491.3 -31491.3 -31490.9 -31490.6 -31489.9
 S, KJ/(KG)(K)    10.1317  10.1317  10.1317  10.1317  10.1317  10.1317  10.1317  10.1317

 M, (1/n)          25.017   25.017   25.124   25.017   25.017   25.017   25.017   25.017
 (dLV/dLP)t      -1.00459 -1.00459 -1.00237 -1.00459 -1.00459 -1.00459 -1.00459 -1.00459
 (dLV/dLT)p        1.0976   1.0976   1.0538   1.0976   1.0976   1.0976   1.0976   1.0976
 Cp, KJ/(KG)(K)    2.5818   2.5818   2.2722   2.5818   2.5818   2.5817   2.5816   2.5815
 GAMMAs            1.1772   1.1772   1.1896   1.1772   1.1772   1.1772   1.1772   1.1772
 SON VEL,M/SEC     1062.8   1062.8   1022.4   1062.8   1062.8   1062.8   1062.8   1062.7
 MACH NUMBER        0.000    0.007    1.000    0.007    0.009    0.016    0.021    0.029

 PERFORMANCE PARAMETERS

 Ae/At                      80.538   1.0000   57.875   46.889   37.058   28.383   20.862
 CSTAR, M/SEC               1517.8   1517.8   1517.8   1517.8   1517.8   1517.8   1517.8
 CF                         0.0052   0.6736   0.0052   0.0063   0.0112   0.0147   0.0200
 Ivac, M/SEC              122243.4   1881.8 122243.4 100674.5  56663.3  43092.6  31681.9
 Isp, M/SEC                    7.8   1022.4      7.8      9.5     16.9     22.3     30.3


 MOLE FRACTIONS

 *CO              0.15369  0.15369  0.15025  0.15369  0.15369  0.15369  0.15369  0.15368
 *CO2             0.09875  0.09875  0.10328  0.09875  0.09875  0.09875  0.09875  0.09876
 *CL              0.00596  0.00596  0.00353  0.00596  0.00596  0.00596  0.00596  0.00596
 CLO              0.00001  0.00001  0.00000  0.00001  0.00001  0.00001  0.00001  0.00001
 CL2              0.00004  0.00004  0.00002  0.00004  0.00004  0.00004  0.00004  0.00004
 *H               0.00408  0.00408  0.00238  0.00408  0.00408  0.00408  0.00408  0.00408
 HCL              0.17646  0.17646  0.17972  0.17646  0.17646  0.17646  0.17646  0.17646
 HOCL             0.00002  0.00002  0.00001  0.00002  0.00002  0.00002  0.00002  0.00002
 *H2              0.08242  0.08242  0.08387  0.08242  0.08242  0.08242  0.08242  0.08242
 H2O              0.37923  0.37923  0.38103  0.37923  0.37923  0.37923  0.37923  0.37923
 *NO              0.00055  0.00055  0.00021  0.00055  0.00055  0.00055  0.00055  0.00055
 *N2              0.09210  0.09210  0.09267  0.09210  0.09210  0.09210  0.09210  0.09210
 *O               0.00017  0.00017  0.00005  0.00017  0.00017  0.00017  0.00017  0.00017
 *OH              0.00619  0.00619  0.00289  0.00619  0.00619  0.00619  0.00619  0.00619
 *O2              0.00032  0.00032  0.00009  0.00032  0.00032  0.00032  0.00032  0.00032

  * THERMODYNAMIC PROPERTIES FITTED TO 20000.K

 NOTE. WEIGHT FRACTION OF FUEL IN TOTAL FUELS AND OF OXIDANT IN TOTAL OXIDANTS










              THEORETICAL ROCKET PERFORMANCE ASSUMING EQUILIBRIUM

            COMPOSITION DURING EXPANSION FROM FINITE AREA COMBUSTOR

 Pin =   872.9 PSIA
 Ac/At = 57.8751      Pinj/Pinf =  1.000032
 CASE = current_run_bat

             REACTANT                    WT FRACTION      ENERGY      TEMP
                                          (SEE NOTE)     KJ/KG-MOL      K  
 OXIDANT     NH4CLO4(I)                   1.0000000   -295767.000    298.150
 FUEL        HTPB                         1.0000000    -58000.000    298.150

 O/F=    6.00000  %FUEL= 14.285714  R,EQ.RATIO= 1.278147  PHI,EQ.RATIO= 1.505516

                 INJECTOR  COMB END  THROAT     EXIT     EXIT     EXIT     EXIT     EXIT
 Pinj/P            1.0000   1.0001   1.7661   1.0010   1.0025   1.0078   1.0420   1.8055
 P, BAR            60.184   60.180   34.077   60.122   60.036   59.720   57.756   33.333
 T, K             2887.08  2887.07  2655.03  2886.67  2886.09  2883.93  2870.29  2646.03
 RHO, KG/CU M    6.2723 0 6.2719 0 3.8784 0 6.2668 0 6.2592 0 6.2311 0 6.0567 0 3.8071 0
 H, KJ/KG        -2240.50 -2240.53 -2763.10 -2241.45 -2242.82 -2247.89 -2279.86 -2782.47
 U, KJ/KG        -3200.02 -3200.05 -3641.74 -3200.83 -3202.00 -3206.30 -3233.45 -3658.01
 G, KJ/KG        -31491.4 -31491.3 -29662.9 -31488.3 -31483.7 -31466.9 -31360.7 -29591.2
 S, KJ/(KG)(K)    10.1317  10.1317  10.1317  10.1317  10.1317  10.1317  10.1317  10.1317

 M, (1/n)          25.017   25.017   25.124   25.018   25.018   25.019   25.027   25.128
 (dLV/dLP)t      -1.00459 -1.00459 -1.00237 -1.00458 -1.00458 -1.00455 -1.00439 -1.00230
 (dLV/dLT)p        1.0976   1.0976   1.0538   1.0975   1.0974   1.0969   1.0939   1.0524
 Cp, KJ/(KG)(K)    2.5818   2.5818   2.2722   2.5812   2.5803   2.5771   2.5568   2.2619
 GAMMAs            1.1772   1.1772   1.1896   1.1772   1.1772   1.1773   1.1780   1.1901
 SON VEL,M/SEC     1062.8   1062.8   1022.4   1062.7   1062.6   1062.2   1059.9   1020.8
 MACH NUMBER        0.000    0.007    1.000    0.041    0.064    0.114    0.265    1.020

 PERFORMANCE PARAMETERS

 Ae/At                      80.538   1.0000   14.497   9.2871   5.2325   2.3331   1.0004
 CSTAR, M/SEC               1517.8   1517.8   1517.8   1517.8   1517.8   1517.8   1517.8
 CF                         0.0052   0.6736   0.0288   0.0449   0.0801   0.1849   0.6860
 Ivac, M/SEC              122243.4   1881.8  22027.0  14130.4   8002.4   3679.0   1882.1
 Isp, M/SEC                    7.8   1022.4     43.6     68.2    121.6    280.6   1041.1


 MOLE FRACTIONS

 *CO              0.15369  0.15369  0.15025  0.15368  0.15367  0.15364  0.15344  0.15011
 *CO2             0.09875  0.09875  0.10328  0.09876  0.09877  0.09882  0.09910  0.10345
 *CL              0.00596  0.00596  0.00353  0.00596  0.00595  0.00592  0.00577  0.00345
 CLO              0.00001  0.00001  0.00000  0.00001  0.00001  0.00001  0.00001  0.00000
 CL2              0.00004  0.00004  0.00002  0.00004  0.00003  0.00003  0.00003  0.00002
 *H               0.00408  0.00408  0.00238  0.00408  0.00407  0.00406  0.00394  0.00232
 HCL              0.17646  0.17646  0.17972  0.17647  0.17648  0.17651  0.17673  0.17983
 HOCL             0.00002  0.00002  0.00001  0.00001  0.00001  0.00001  0.00001  0.00001
 *H2              0.08242  0.08242  0.08387  0.08242  0.08242  0.08243  0.08248  0.08396
 H2O              0.37923  0.37923  0.38103  0.37923  0.37924  0.37927  0.37946  0.38104
 *NO              0.00055  0.00055  0.00021  0.00055  0.00055  0.00055  0.00052  0.00020
 *N2              0.09210  0.09210  0.09267  0.09210  0.09210  0.09211  0.09215  0.09269
 *O               0.00017  0.00017  0.00005  0.00017  0.00017  0.00017  0.00016  0.00005
 *OH              0.00619  0.00619  0.00289  0.00618  0.00617  0.00613  0.00590  0.00280
 *O2              0.00032  0.00032  0.00009  0.00032  0.00032  0.00031  0.00029  0.00008

  * THERMODYNAMIC PROPERTIES FITTED TO 20000.K

 NOTE. WEIGHT FRACTION OF FUEL IN TOTAL FUELS AND OF OXIDANT IN TOTAL OXIDANTS










              THEORETICAL ROCKET PERFORMANCE ASSUMING EQUILIBRIUM

            COMPOSITION DURING EXPANSION FROM FINITE AREA COMBUSTOR

 Pin =   872.9 PSIA
 Ac/At = 57.8751      Pinj/Pinf =  1.000032
 CASE = current_run_bat

             REACTANT                    WT FRACTION      ENERGY      TEMP
                                          (SEE NOTE)     KJ/KG-MOL      K  
 OXIDANT     NH4CLO4(I)                   1.0000000   -295767.000    298.150
 FUEL        HTPB                         1.0000000    -58000.000    298.150

 O/F=    6.00000  %FUEL= 14.285714  R,EQ.RATIO= 1.278147  PHI,EQ.RATIO= 1.505516

                 INJECTOR  COMB END  THROAT     EXIT     EXIT     EXIT     EXIT     EXIT
 Pinj/P            1.0000   1.0001   1.7661   4.5758   7.8041   11.893   16.958   23.082
 P, BAR            60.184   60.180   34.077   13.153   7.7119   5.0603   3.5490   2.6074
 T, K             2887.08  2887.07  2655.03  2273.16  2069.97  1918.22  1797.11  1697.00
 RHO, KG/CU M    6.2723 0 6.2719 0 3.8784 0 1.7546 0 1.1306 0 8.0071-1 5.9948-1 4.6643-1
 H, KJ/KG        -2240.50 -2240.53 -2763.10 -3537.41 -3919.41 -4196.15 -4413.20 -4590.60
 U, KJ/KG        -3200.02 -3200.05 -3641.74 -4287.03 -4601.54 -4828.12 -5005.21 -5149.61
 G, KJ/KG        -31491.4 -31491.3 -29662.9 -26568.3 -24891.6 -23630.9 -22620.9 -21784.0
 S, KJ/(KG)(K)    10.1317  10.1317  10.1317  10.1317  10.1317  10.1317  10.1317  10.1317

 M, (1/n)          25.017   25.017   25.124   25.213   25.231   25.237   25.240   25.241
 (dLV/dLP)t      -1.00459 -1.00459 -1.00237 -1.00057 -1.00021 -1.00009 -1.00004 -1.00002
 (dLV/dLT)p        1.0976   1.0976   1.0538   1.0146   1.0059   1.0026   1.0012   1.0006
 Cp, KJ/(KG)(K)    2.5818   2.5818   2.2722   1.9484   1.8553   1.8095   1.7827   1.7652
 GAMMAs            1.1772   1.1772   1.1896   1.2101   1.2188   1.2239   1.2273   1.2297
 SON VEL,M/SEC     1062.8   1062.8   1022.4    952.4    911.8    879.5    852.4    829.1
 MACH NUMBER        0.000    0.007    1.000    1.691    2.010    2.249    2.446    2.615

 PERFORMANCE PARAMETERS

 Ae/At                      80.538   1.0000   1.4032   1.9140   2.5039   3.1730   3.9212
 CSTAR, M/SEC               1517.8   1517.8   1517.8   1517.8   1517.8   1517.8   1517.8
 CF                         0.0052   0.6736   1.0611   1.2073   1.3030   1.3734   1.4284
 Ivac, M/SEC              122243.4   1881.8   2076.0   2204.7   2297.3   2368.6   2425.8
 Isp, M/SEC                    7.8   1022.4   1610.5   1832.4   1977.7   2084.6   2168.0


 MOLE FRACTIONS

 *CO              0.15369  0.15369  0.15025  0.14380  0.13927  0.13503  0.13095  0.12697
 *CO2             0.09875  0.09875  0.10328  0.11063  0.11534  0.11963  0.12374  0.12773
 *CL              0.00596  0.00596  0.00353  0.00102  0.00041  0.00018  0.00008  0.00004
 CLO              0.00001  0.00001  0.00000  0.00000  0.00000  0.00000  0.00000  0.00000
 CL2              0.00004  0.00004  0.00002  0.00000  0.00000  0.00000  0.00000  0.00000
 *H               0.00408  0.00408  0.00238  0.00069  0.00028  0.00013  0.00006  0.00003
 HCL              0.17646  0.17646  0.17972  0.18291  0.18366  0.18394  0.18405  0.18410
 HOCL             0.00002  0.00002  0.00001  0.00000  0.00000  0.00000  0.00000  0.00000
 *H2              0.08242  0.08242  0.08387  0.08912  0.09350  0.09770  0.10178  0.10575
 H2O              0.37923  0.37923  0.38103  0.37819  0.37422  0.37015  0.36612  0.36216
 *NO              0.00055  0.00055  0.00021  0.00002  0.00000  0.00000  0.00000  0.00000
 *N2              0.09210  0.09210  0.09267  0.09309  0.09317  0.09319  0.09320  0.09320
 *O               0.00017  0.00017  0.00005  0.00000  0.00000  0.00000  0.00000  0.00000
 *OH              0.00619  0.00619  0.00289  0.00051  0.00014  0.00005  0.00002  0.00001
 *O2              0.00032  0.00032  0.00009  0.00000  0.00000  0.00000  0.00000  0.00000

  * THERMODYNAMIC PROPERTIES FITTED TO 20000.K

 NOTE. WEIGHT FRACTION OF FUEL IN TOTAL FUELS AND OF OXIDANT IN TOTAL OXIDANTS










              THEORETICAL ROCKET PERFORMANCE ASSUMING EQUILIBRIUM

            COMPOSITION DURING EXPANSION FROM FINITE AREA COMBUSTOR

 Pin =   872.9 PSIA
 Ac/At = 57.8751      Pinj/Pinf =  1.000032
 CASE = current_run_bat

             REACTANT                    WT FRACTION      ENERGY      TEMP
                                          (SEE NOTE)     KJ/KG-MOL      K  
 OXIDANT     NH4CLO4(I)                   1.0000000   -295767.000    298.150
 FUEL        HTPB                         1.0000000    -58000.000    298.150

 O/F=    6.00000  %FUEL= 14.285714  R,EQ.RATIO= 1.278147  PHI,EQ.RATIO= 1.505516

                 INJECTOR  COMB END  THROAT     EXIT     EXIT     EXIT     EXIT     EXIT
 Pinj/P            1.0000   1.0001   1.7661   30.341   38.802   48.530   59.587   72.029
 P, BAR            60.184   60.180   34.077   1.9836   1.5511   1.2401   1.0100  0.83555
 T, K             2887.08  2887.07  2655.03  1612.25  1539.21  1475.39  1418.99  1368.67
 RHO, KG/CU M    6.2723 0 6.2719 0 3.8784 0 3.7350-1 3.0592-1 2.5517-1 2.1609-1 1.8533-1
 H, KJ/KG        -2240.50 -2240.53 -2763.10 -4739.60 -4867.26 -4978.32 -5076.15 -5163.21
 U, KJ/KG        -3200.02 -3200.05 -3641.74 -5270.68 -5374.27 -5464.31 -5543.56 -5614.05
 G, KJ/KG        -31491.4 -31491.3 -29662.9 -21074.3 -20462.0 -19926.5 -19452.9 -19030.1
 S, KJ/(KG)(K)    10.1317  10.1317  10.1317  10.1317  10.1317  10.1317  10.1317  10.1317

 M, (1/n)          25.017   25.017   25.124   25.241   25.241   25.241   25.241   25.241
 (dLV/dLP)t      -1.00459 -1.00459 -1.00237 -1.00001 -1.00001 -1.00000 -1.00000 -1.00000
 (dLV/dLT)p        1.0976   1.0976   1.0538   1.0003   1.0002   1.0001   1.0001   1.0000
 Cp, KJ/(KG)(K)    2.5818   2.5818   2.2722   1.7529   1.7439   1.7372   1.7322   1.7286
 GAMMAs            1.1772   1.1772   1.1896   1.2316   1.2330   1.2340   1.2348   1.2354
 SON VEL,M/SEC     1062.8   1062.8   1022.4    808.7    790.7    774.4    759.7    746.3
 MACH NUMBER        0.000    0.007    1.000    2.764    2.899    3.022    3.135    3.240

 PERFORMANCE PARAMETERS

 Ae/At                      80.538   1.0000   4.7485   5.6550   6.6405   7.7053   8.8491
 CSTAR, M/SEC               1517.8   1517.8   1517.8   1517.8   1517.8   1517.8   1517.8
 CF                         0.0052   0.6736   1.4730   1.5101   1.5417   1.5690   1.5929
 Ivac, M/SEC              122243.4   1881.8   2473.2   2513.3   2547.7   2577.7   2604.2
 Isp, M/SEC                    7.8   1022.4   2235.7   2292.1   2340.0   2381.4   2417.7


 MOLE FRACTIONS

 *CO              0.15369  0.15369  0.15025  0.12308  0.11928  0.11555  0.11189  0.10831
 *CO2             0.09875  0.09875  0.10328  0.13162  0.13543  0.13916  0.14282  0.14640
 *CL              0.00596  0.00596  0.00353  0.00002  0.00001  0.00001  0.00000  0.00000
 CLO              0.00001  0.00001  0.00000  0.00000  0.00000  0.00000  0.00000  0.00000
 CL2              0.00004  0.00004  0.00002  0.00000  0.00000  0.00000  0.00000  0.00000
 *H               0.00408  0.00408  0.00238  0.00001  0.00001  0.00000  0.00000  0.00000
 HCL              0.17646  0.17646  0.17972  0.18413  0.18414  0.18414  0.18415  0.18415
 HOCL             0.00002  0.00002  0.00001  0.00000  0.00000  0.00000  0.00000  0.00000
 *H2              0.08242  0.08242  0.08387  0.10964  0.11345  0.11718  0.12084  0.12442
 H2O              0.37923  0.37923  0.38103  0.35828  0.35448  0.35075  0.34709  0.34351
 *NO              0.00055  0.00055  0.00021  0.00000  0.00000  0.00000  0.00000  0.00000
 *N2              0.09210  0.09210  0.09267  0.09321  0.09321  0.09321  0.09321  0.09321
 *O               0.00017  0.00017  0.00005  0.00000  0.00000  0.00000  0.00000  0.00000
 *OH              0.00619  0.00619  0.00289  0.00000  0.00000  0.00000  0.00000  0.00000
 *O2              0.00032  0.00032  0.00009  0.00000  0.00000  0.00000  0.00000  0.00000

  * THERMODYNAMIC PROPERTIES FITTED TO 20000.K

 NOTE. WEIGHT FRACTION OF FUEL IN TOTAL FUELS AND OF OXIDANT IN TOTAL OXIDANTS



